---
title: Linux虚拟机-模拟服务器部署Django+Vue项目
createTime: 2025/03/25 11:31:01
permalink: /ToBeABD/ComputerFoundation/Linux/zu9zrod0/
---
# 本文概述

- 本文章讲述基于Linux CentOS 7系统（虚拟机），部署Django+Vue开发的前后端分离项目。

  - 项目源码不开放，但是操作步骤可以借鉴。

  - 该文章将项目部署在Linux虚拟机上，暂不使用Docker

- 相关指令尽量展示执行路径，方便直观理解

**最后有流程总结，捋不清的时候，可以到最后看看**



# 部署前准备

## 操作注意事项

- 文章中所用的ip地址为：192.168.93.128，是我本地虚拟机的ip地址。任何有关的命令执行或测试，以使用者你自己的ip地址为准



## 本机软件准备

|        软件        |                             用途                             |
| :----------------: | :----------------------------------------------------------: |
| VMware Workstation |      部署Linux虚拟机（提前准备好软件，并部署好虚拟机）       |
|     MobaXterm      | 远程连接软件，在本地（Windows系统）远程连接虚拟机的Linux系统 |



## 远程连接软件连接虚拟机

在Windows上通过VMware操作虚拟机，会很麻烦，复制、上传文件都很麻烦，因此先远程连接，用远程连接软件操作。



## 文章中常用的命令

### 防火墙有关命令

**开启防火墙端口**

```
firewall-cmd --zone=public --add-port=端口号/tcp --permanent
```

**重载防火墙**：该命令用在任何对防火墙更改的命令后，立刻使更改生效！！！！

```
firewall-cmd --reload
```

**查看防火墙状态**

```
systemctl status firewalld.service
```

**查看以开放的端口**

```
firewall-cmd --list-ports
```



## 查看端口占用情况

```sh
lsof -i:端口号
```





# 安装Git

## 安装方式1：一键安装

```sh
yum install git  -y
```

一键安装的版本可能过低，有时候clone仓库的时候有问题



## 安装方式2：安装指定版本git【建议】

**移除已有的git**

```sh
[root@localhost ~]# yum remove git
```

**下载编译源代码的工具**

```sh
[root@localhost ~]# yum -y groupinstall "Development tools"
```

**下载相关依赖包**

```sh
[root@localhost ~]# yum -y install zlib-devel perl-ExtUtils-MakeMaker asciidoc xmlto openssl-devel
```

**下载git**

- git官网：https://mirrors.edge.kernel.org/pub/software/scm/git/
- 注意事项：不要下载带有-rc的，因为它代表了一个候选发布版本

```sh
[root@localhost ~]# wget https://www.kernel.org/pub/software/scm/git/git-2.32.6.tar.gz
```

**解压到指定文件夹下**

- 指定文件夹必须存在！
- 将git解压缩的位置和git安装的位置放在一起，删除的时候好删除

```sh
[root@localhost ~]# tar -zxvf git-2.32.6.tar.gz -C /usr/local/git
```

**进入解压缩后的目录**

```sh
[root@localhost ~]# cd /usr/local/git/git-2.32.6
[root@localhost git-2.32.6]#
```

**配置编译和安装的地址**

```sh
[root@localhost git-2.32.6]# ./configure --prefix=/usr/local/git
```

**编译和安装**

```sh
[root@localhost git-2.32.6]# make && make install
```

**配置环境变量**

- 打开配置文件

```sh
[root@localhost git-2.32.6]# vim /etc/profile
```

- 文件末尾添加一行

```
export PATH=/usr/local/git/bin:$PATH
```

- 退出文件，执行以下命令使更改生效

```sh
[root@localhost git-2.32.6]# source /etc/profile
```



## 查看git版本
```sh
[root@localhost git-2.32.6]# git version
```

有结果，证明已经安装好了



## 拉取项目文件

**创建存放代码的目录**

```sh
[root@localhost git-2.32.6]# mkdir /icwp/code
```

**进入该目录**

```sh
[root@localhost git-2.32.6]# cd /icwp/code
[root@localhost code]# 
```

**拉取仓库**

- 拉取公开仓库

```sh
git clone 仓库地址
```

- 拉取自己的私有仓库：http方式

```sh
git clone git clone https://user:需要自己生成仓库的Token@ghproxy.com/仓库地址
```

- 拉取自己的私有仓库：ssh方式

```
内容自行百度，本文不采用这个方法
```





# 安装MySQL

## 卸载已有的Mysql

文章参考：[Linux彻底卸载MySQL](/ToBeABD/ComputerFoundation/Linux/ev1o1myc/)



## 下载安装配置MySQL【5.7版本】

> 通过yum傻瓜式安装，该方法安装快，但是定制性低

### Linux环境检查

**检查是否已经安装了mysql（有则删除安装）**

```sh
[root@localhost ~]# yum list installed mysql*
已加载插件：fastestmirror, langpacks
Loading mirror speeds from cached hostfile
 * base: mirrors.tuna.tsinghua.edu.cn
 * extras: mirrors.bupt.edu.cn
 * updates: mirrors.bupt.edu.cn
错误：没有匹配的软件包可以列出
[root@localhost ~]# rpm –qa|grep -i mysql*
```

系统上没有mysql



**查看系统架构和系统版本**

```sh
[root@localhost ~]# uname -m
x86_64
[root@localhost ~]# cat /etc/redhat-release
CentOS Linux release 7.9.2009 (Core)
```

一般来说都是这个



### yum形式安装mysql

**安装开发工具**

```sh
[root@localhost ~]# yum -y groupinstall "Development tools"
```

**安装相关依赖**

```sh
[root@localhost ~]# yum install openssl-devel bzip2-devel expat-devel gdbm-devel readline-devel sqlite-devel psmisc libffi-devel
```

**下载MySQL的rpm包**

```sh
[root@localhost ~]# wget http://dev.mysql.com/get/mysql57-community-release-el7-10.noarch.rpm
```

**安装MySQL的rpm包**

```sh
[root@localhost ~]# yum -y install mysql57-community-release-el7-10.noarch.rpm
```

**一键安装MySQL**

```sh
[root@localhost ~]# yum install mysql-community-server --nogpgcheck
```

数据存储位置：/Var/lib/mysql



**启动MySQL**

```sh
[root@localhost ~]# systemctl start mysqld.service
```

**查看MySQL状态**

```sh
[root@localhost ~]# systemctl status mysqld.service
● mysqld.service - MySQL Server
   Loaded: loaded (/usr/lib/systemd/system/mysqld.service; enabled; vendor preset: disabled)
   Active: active (running) since Fri 2024-01-12 14:54:31 CST; 46min ago
     Docs: man:mysqld(8)
           http://dev.mysql.com/doc/refman/en/using-systemd.html
 Main PID: 1772 (mysqld)
    Tasks: 28
   Memory: 1.0M
   CGroup: /system.slice/mysqld.service
           └─1772 /usr/sbin/mysqld --daemonize --pid-file=/var/run/mysqld/mysqld.pid

Jan 12 14:54:29 localhost.localdomain systemd[1]: Starting MySQL Server...
Jan 12 14:54:31 localhost.localdomain systemd[1]: Started MySQL Server.
[root@localhost ~]#
```







### 修改mysql的默认密码

> 一键式安装mysql，在启动mysql后会生成一个默认密码，这个密码在登陆后就过期了，因此需要立刻更改密码

**查看默认密码**

- 默认密码：Ga>tCgH,q2vm（这是我的默认密码，复制你搜索到的）

```sh
[root@localhost ~]# grep "password" /var/log/mysqld.log
2024-01-12T01:14:06.410100Z 1 [Note] A temporary password is generated for root@localhost: Ga>tCgH,q2vm
```

**登录并更改默认密码**

一共输入两个命令：

- `mysql -u root -p`
- `ALTER USER 'root'@'localhost' IDENTIFIED BY '修改为自己的登录密码';`
  - 该命令的意思是：root用户，在本地ip上，可以通过自己修改后的密码，登录mysql

```sh
[root@localhost ~]# mysql -u root -p
Enter password:
Welcome to the MySQL monitor.  Commands end with ; or \g.
Your MySQL connection id is 4
Server version: 5.7.44 MySQL Community Server (GPL)

Copyright (c) 2000, 2023, Oracle and/or its affiliates.

Oracle is a registered trademark of Oracle Corporation and/or its
affiliates. Other names may be trademarks of their respective
owners.

Type 'help;' or '\h' for help. Type '\c' to clear the current input statement.

mysql> ALTER USER 'root'@'localhost' IDENTIFIED BY '修改为自己的登录密码';
Query OK, 0 rows affected (0.02 sec)

mysql>
```



### 赋予远程访问权限

**接着上边，在mysql控制台下继续操作**

1、输入权限赋予命令：

```sh
# 这句命令的意思是：将 任意数据库的任意数据表的所有权限，赋予root用户，且可以在任意ip上，以123456这个密码访问
# GRANT 所有权限 ON 数据库.数据表 TO '用户名'@'ip地址' IDENTIFIED BY '密码';
mysql> GRANT ALL PRIVILEGES ON *.* TO 'root'@'%' IDENTIFIED BY '123456';
```

- 若修改成功，会提示【跳过步骤2的内容】：

```
Query OK, 0 rows affected, 1 warning (0.00 sec)
```

- 若修改失败，会提示【执行步骤2的内容】：

```
ERROR 1819 (HY000): Your password does not satisfy the current policy requirements
```



2、针对上述修改失败，需要执行的步骤

- 查看密码设置规则

```sh
mysql> SHOW VARIABLES LIKE 'validate_password%';
+--------------------------------------+--------+
| Variable_name                        | Value  |
+--------------------------------------+--------+
| validate_password_check_user_name    | OFF    |
| validate_password_dictionary_file    |        |
| validate_password_length             | 8      |
| validate_password_mixed_case_count   | 1      |
| validate_password_number_count       | 1      |
| validate_password_policy             | MEDIUM |
| validate_password_special_char_count | 1      |
+--------------------------------------+--------+
7 rows in set (0.00 sec)
```

| 属性                                 | 默认值 | 属性描述                                                     |
| ------------------------------------ | ------ | ------------------------------------------------------------ |
| validate_password_check_user_name    | OFF    | 设置为ON的时候表示能将密码设置成当前用户名                   |
| validate_password_dictionary_file    |        | 用于检查密码的字典文件的路径名，默认为空                     |
| validate_password_length             | 8      | 密码的最小长度：>=8                                          |
| validate_password_mixed_case_count   | 1      | 大小写字符长度                                               |
| validate_password_number_count       | 1      | 密码必须包含的数字个数                                       |
| validate_password_policy             | MEDIUM | `0/LOW：只检查长度。`<br/>`1/MEDIUM：检查长度、数字、大小写、特殊字符。`<br/>`2/STRONG：检查长度、数字、大小写、特殊字符、字典文件。` |
| validate_password_special_char_count | 1      | 密码必须包含的特殊字符个数                                   |

- 将密码检查等级降下来

```sh
mysql> set global validate_password_policy=LOW;
Query OK, 0 rows affected (0.00 sec)
```

- 再次执行修改密码操作

```sh
mysql> GRANT ALL PRIVILEGES ON *.* TO 'root'@'%' IDENTIFIED BY 'icwp1234';
Query OK, 0 rows affected, 1 warning (0.00 sec)
```



3、刷新权限并离开

```sh
mysql> flush privileges;
Query OK, 0 rows affected (0.01 sec)

mysql> quit
Bye
```



4、远程访问

![image-20240112094634549](./assets/image-20240112094634549.png)

成功！



**若远程访问失败，无外乎以下原因【按照顺序测试，一般是第一个原因】**：

1、虚拟机的防火墙开放3306端口

```sh
# 查看所有已经开放的端口，一个都没有
[root@localhost tmpfiles.d]# firewall-cmd --list-ports

# 开放3306端口
[root@localhost tmpfiles.d]# firewall-cmd --zone=public --add-port=3306/tcp --permanent
success

# 重启防火墙，使得更改立刻生效
[root@localhost tmpfiles.d]# firewall-cmd --reload
success
```

2、数据库默认权限设置：mysql默认只能在本机访问，对root账号授权，使得其可以在任意地址上通过密码访问

- 上述操作已经实现授权，不会是这个问题

3、mysql配置文件设置：`/etc/my.cnf`配置文件下，设置`bind-address=0.0.0.0`（若没有该文件，就创建文件后，添加内容）



## 创建Django项目需要的数据库

### 需要进行数据库数据迁移

**从windows上的mysql中导出数据**

以管理员身份打开cmd命令：

![image-20240118120352041](./assets/image-20240118120352041.png)

导出数据：

```
C:\Users\HMTeen>mysqldump -u root -p --host=127.0.0.1 --port=3306 --databases django_icwp_v3 > C:\Users\HMTeen\Desktop\icwp-mysql-data\mysqldump\icwp_full_data-1.sql
Enter password: ******
```

该操作将django_icwp_v3数据库的所有数据导出到sql文件中：

- 包含建库命令-建表命令-数据插入命令......

- 即可以全新-无痛的迁移原有数据库的所有数据



**将输入导入的Linux上的mysql中**

将文件复制到Linux虚拟机中：

```sh
# 创建目录
[root@localhost tmpfiles.d]# mkdir /icwp/mysql/

# 进入目录
[root@localhost tmpfiles.d]# cd /icwp/mysql/

# 用远程连接软件上传即可

# 查看
[root@localhost mysql]# ls
icwp_full_data.sql
```

执行导入操作：

- 该操作导入所有数据库，sql文件里面需要有建库语句，不然没法导入【本文用这个操作】

```sh
[root@localhost mysql]# mysql -u root -p < icwp_full_data.sql
Enter password:
[root@localhost mysql]#
```

- 该操作导入特定数据库的所有数据，数据库必须先存在，sql文件里面不需要有建库语句

```sh
[root@localhost mysql]# mysql -u root -p django_icwp_v3 < icwp_full_data.sql
Enter password:
ERROR 1049 (42000): Unknown database 'django_icwp_v3'
```



**通过数据库远程连接软件查看，所有数据库数据已经全部导入**



### 不需要进行数据库数据迁移

**创建Django项目需要的数据库即可**

```sh
[root@localhost ~]#  mysql -u root -p
Enter password:
mysql> create database django_icwp_v3 default charset=utf8;
mysql> quit;
Bye
[root@localhost ~]#
```

**建表语句，通过Django manage.py文件执行**



# 部署Django项目

## 环境准备

### python源码安装、镜像源替换、配置虚拟环境

文章链接：[链接](/ToBeABD/ComputerFoundation/Linux/t73rmkpm/)



### 为项目创建虚拟环境并安装相关库

按照上述参考文章操作好之后，就可以执行下边步骤。上述文章，主要有几个关键点：

- 安装好的python，设置到环境变量里面，名字变为了python3.8；pip变成了pip3.8
- 注意两个路径的一致：
  - 设置python环境变量的路径：`/usr/bin/python3.8`
  - 设置虚拟环境默认创建python版本的路径：`/usr/bin/python3.8`




**创建虚拟环境：icwp**

```sh
[root@localhost ~]# mkvirtualenv icwp
......
(icwp) [root@localhost ~]# 
```

**切换目录到项目requirement.txt所在目录下**

```sh
(icwp) [root@localhost ~]#  cd /icwp/code/Django-ICWP/Django_ICWP_v3
(icwp) [root@localhost Django_ICWP_v3]# 
```

**安装第三方库**

```sh
(icwp) [root@localhost Django_ICWP_v3]# pip install -r ./requirements.txt
```

一般在安装mysqlclient的时候都会报错，导致所有库的安装都失败了。我遇到的错误：

```sh
Collecting mysqlclient~=2.2.1 (from -r ./requirements.txt (line 23))
  Downloading http://mirrors.aliyun.com/pypi/packages/37/fb/d9a8f763c84f1e789c027af0ffc7dbf94c9a38db961484f253f0552cbb47/mysqlclient-2.2.1.tar.gz (89 kB)
     ━━━━━━━━━━━━━━━━━━━━━━━━━━━━━━━━━━━━━━━━ 90.0/90.0 kB 877.0 kB/s eta 0:00:00
  Installing build dependencies ... done
  Getting requirements to build wheel ... error
  error: subprocess-exited-with-error

  × Getting requirements to build wheel did not run successfully.
  │ exit code: 1
  ╰─> [24 lines of output]
      Trying pkg-config --exists mysqlclient
      Command 'pkg-config --exists mysqlclient' returned non-zero exit status 1.
      Trying pkg-config --exists mariadb
      Command 'pkg-config --exists mariadb' returned non-zero exit status 1.
      Trying pkg-config --exists libmariadb
      Command 'pkg-config --exists libmariadb' returned non-zero exit status 1.
      Traceback (most recent call last):
        File "/root/.virtualenvs/icwp/lib/python3.8/site-packages/pip/_vendor/pyproject_hooks/_in_process/_in_process.py", line 353, in <module>
          main()
        File "/root/.virtualenvs/icwp/lib/python3.8/site-packages/pip/_vendor/pyproject_hooks/_in_process/_in_process.py", line 335, in main
          json_out['return_val'] = hook(**hook_input['kwargs'])
        File "/root/.virtualenvs/icwp/lib/python3.8/site-packages/pip/_vendor/pyproject_hooks/_in_process/_in_process.py", line 118, in get_requires_for_build_wheel
          return hook(config_settings)
        File "/tmp/pip-build-env-umjwqogy/overlay/lib/python3.8/site-packages/setuptools/build_meta.py", line 325, in get_requires_for_build_wheel
          return self._get_build_requires(config_settings, requirements=['wheel'])
        File "/tmp/pip-build-env-umjwqogy/overlay/lib/python3.8/site-packages/setuptools/build_meta.py", line 295, in _get_build_requires
          self.run_setup()
        File "/tmp/pip-build-env-umjwqogy/overlay/lib/python3.8/site-packages/setuptools/build_meta.py", line 311, in run_setup
          exec(code, locals())
        File "<string>", line 155, in <module>
        File "<string>", line 49, in get_config_posix
        File "<string>", line 28, in find_package_name
      Exception: Can not find valid pkg-config name.
      Specify MYSQLCLIENT_CFLAGS and MYSQLCLIENT_LDFLAGS env vars manually
      [end of output]

  note: This error originates from a subprocess, and is likely not a problem with pip.
error: subprocess-exited-with-error

× Getting requirements to build wheel did not run successfully.
│ exit code: 1
╰─> See above for output.

note: This error originates from a subprocess, and is likely not a problem with pip.
```

**解决mysqlclient无法安装的问题**：[链接](/ToBeABD/ComputerFoundation/Linux/y48f80o8/)



## 项目初始化

### **执行步骤**

> 保持上述目录、python环境不变

```sh
(icwp) [root@localhost Django_ICWP_v3]# python manage.py makemigrations
(icwp) [root@localhost Django_ICWP_v3]# python manage.py migrate
```



### 若有报错！！！

**若提示报错：版本不匹配**

```
......
  File "/root/.virtualenvs/icwp/lib/python3.8/site-packages/django/utils/asyncio.py", line 26, in inner
    return func(*args, **kwargs)
  File "/root/.virtualenvs/icwp/lib/python3.8/site-packages/django/db/backends/base/base.py", line 272, in connect
    self.init_connection_state()
  File "/root/.virtualenvs/icwp/lib/python3.8/site-packages/django/db/backends/mysql/base.py", line 257, in init_connection_state
    super().init_connection_state()
  File "/root/.virtualenvs/icwp/lib/python3.8/site-packages/django/db/backends/base/base.py", line 239, in init_connection_state
    self.check_database_version_supported()
  File "/root/.virtualenvs/icwp/lib/python3.8/site-packages/django/db/backends/base/base.py", line 214, in check_database_version_supported
    raise NotSupportedError(
django.db.utils.NotSupportedError: MySQL 8 or later is required (found 5.7.44).
```

解决方法1：重新安装mysql

解决方法2：Django源码中，禁止掉该检查代码

```sh
# 找到django的安装目录
[root@localhost Django_ICWP_v3]# workon icwp
(icwp) [root@localhost Django_ICWP_v3]# python
Python 3.8.6 (default, Jan 11 2024, 09:43:42)
[GCC 4.8.5 20150623 (Red Hat 4.8.5-44)] on linux
Type "help", "copyright", "credits" or "license" for more information.
>>> import django
>>> django
<module 'django' from '/root/.virtualenvs/icwp/lib/python3.8/site-packages/django/__init__.py'>
>>>

# 找寻文件：/root/.virtualenvs/icwp/lib/python3.8/site-packages/django/db/backends/base/base.py
# 注释掉：self.check_database_version_supported()这一行代码
```

![image-20240112104110310](./assets/image-20240112104110310.png)



## 运行项目并测试访问

### 前台挂起方式运行

**执行项目**

```sh
(icwp) [root@localhost Django_ICWP_v3]# python manage.py runserver 0.0.0.0:8000
```

**复制当前远程连接窗口，然后在新的窗口进行访问测试**

```sh
 [root@localhost ~]# curl 192.168.93.128:8000
{"states": 0, "message": "INFO", "warning": "", "data": "请先完成用户登录，再访问其他页面"}  # 证明虚拟机访问正常
```

![image-20240112104820394](./assets/image-20240112104820394.png)

**本机浏览器访问：192.168.93.128:8000**，正常

![image-20240112104936249](./assets/image-20240112104936249.png)

- 若无法访问，无外乎如下情况：

  - 虚拟机端口没有开放

  ```sh
  firewall-cmd --zone=public --add-port=8000/tcp --permanent
  firewall-cmd --reload
  ```

  - Django项目settings.py仅允许本地访问了，没有放开权限

  ```py
  ALLOWED_HOSTS = ['127.0.0.1', 'localhost']	# 默认有的
  if Is_On_Server:
      ALLOWED_HOSTS += ['192.168.93.128'] # Linux虚拟机的ip地址
      
  # 上述三行内容，也可以简写为一行
  ALLOWED_HOSTS = ["*"]  # 允许所有的ip访问该项目
  ```



### nohup后台运行

**上述方式是阻塞式运行，可以以后台运行的方式执行**

```sh
(icwp) [root@localhost Django_ICWP_v3]# nohup python manage.py runserver 0.0.0.0:8000 > /icwp/code/Log/log_nohup.txt 2>&1 &
[1] 62728
```

|                  命令                   | 解释                                                   |
| :-------------------------------------: | ------------------------------------------------------ |
|                  nohup                  | nohup命令：no hang up  不挂起                          |
| python manage.py runserver 0.0.0.0:8000 | 需要在后台运行的命令内容                               |
|     > /icwp/code/Log/log_nohup.txt      | 将控制台输出的成功内容，放到这个文件里面               |
|                  2>&1                   | 将控制台输出的错误内容，放到和成功内容一样的文件夹里面 |
|                    &                    | 后台运行                                               |
|                   [1]                   | 后台运行的任务编号，可以用jobs查看                     |
|                  62728                  | 进程id                                                 |

相关参考文档：[https://zhuanlan.zhihu.com/p/617627144](https://zhuanlan.zhihu.com/p/617627144)

- 关闭以nohup方式运行的程序

```sh
# 根据pid关闭
kill -9 62728

# 根据任务编号关闭
kill %1
```



## 通过uwsgi方式启动项目

### 安装uwsgi

**项目虚拟环境中安装**

```sh
[root@localhost ~]# workon icwp
(icwp) [root@localhost ~]# pip install uwsgi
```



### 配置方式1：配置uwsgi.ini启动项目

**进入项目目录：manage.py所在的位置**

```sh
(icwp) [root@localhost ~]# cd /icwp/code/Django-ICWP/Django_ICWP_v3/
```

**创建配置文件uwsgi.ini**

```sh
(icwp) [root@localhost Django_ICWP_v3]# vim ./uwsgi.ini
```

**写入如下内容**

- 不要留注释，有可能会导致错误

```
[uwsgi]
socket=127.0.0.1:9999
chdir=/icwp/code/Django-ICWP/Django_ICWP_v3/
static-map=/static/=/icwp/code/Django-ICWP/Django_ICWP_v3/static
module=Django_ICWP_v3.wsgi
uid=root
gid=root
master=true
pidfile=uwsgi.pid
processes=8
threads=2
vacuum=true
daemonize=./icwp.log
thunder-lock=true
enable-threads=true
```

- 各配置解释

|         key         | 意义                                                         |
| :-----------------: | ------------------------------------------------------------ |
|       socket        | 与nginx交互时，设置socket传输方式的地址+端口；**自定义**，后续要与nginx中的配置一致 |
|        chdir        | 项目目录：manage.py所在的目录                                |
| static-map=/static/ | 静态资源所在位置：项目目录/static                            |
|       module        | 项目名.wsgi（即wsgi.py所在的文件夹的名字）                   |
|         uid         | root账户管理进程                                             |
|         gid         |                                                              |
|       master        | wsgi服务器的角色                                             |
|       pidfile       | 存放uwsgi进程pid的文件                                       |
|      processes      | 进程数                                                       |
|       threads       | 每个进程对应的线程数                                         |
|       vacuum        | 当服务器退出的时候自动删除unix socket文件和pid文件           |
|      daemonize      | 进程后台运行时，日志所打印的位置                             |
|    thunder-lock     |                                                              |
|   enable-threads    |                                                              |



**uwsgi启动项目**

必须在虚拟环境下启动项目，或者说必须在拥有项目所需第三方库的环境+uwsgi环境下启动项目！！！

若有任何的启动问题，查看日志即可，上述忠告，就是运行启动命令后无法访问，通过查阅日志解决的！！！

- 启动命令
  - `--ini`  用于指定启动文件
  - `--http` 用于指定项目运行后，访问的地址，该参数可以放在.ini文件中配置

```sh
(icwp) [root@localhost Django_ICWP_v3]# uwsgi --http :8000 --ini uwsgi.ini
[uWSGI] getting INI configuration from uwsgi.ini
[uwsgi-static] added mapping for /static/ => /icwp/code/Django-ICWP/Django_ICWP_v3/static
```

- 查看uwsgi状态

```sh
(icwp) [root@localhost Django_ICWP_v3]# ps aux |grep uwsgi
root       7495  1.7  1.0 435512 41576 ?        Sl   16:53   0:00 uwsgi --http :8000 --ini uwsgi.ini
root       7499  0.0  0.9 435512 36852 ?        Sl   16:53   0:00 uwsgi --http :8000 --ini uwsgi.ini
root       7500  0.0  0.9 435512 36856 ?        Sl   16:53   0:00 uwsgi --http :8000 --ini uwsgi.ini
root       7503  0.0  0.9 435512 36856 ?        Sl   16:53   0:00 uwsgi --http :8000 --ini uwsgi.ini
root       7505  0.0  0.9 435512 36856 ?        Sl   16:53   0:00 uwsgi --http :8000 --ini uwsgi.ini
root       7506  0.0  0.9 435512 36856 ?        Sl   16:53   0:00 uwsgi --http :8000 --ini uwsgi.ini
root       7508  0.0  0.9 435512 36856 ?        Sl   16:53   0:00 uwsgi --http :8000 --ini uwsgi.ini
root       7511  0.0  0.9 435512 36856 ?        Sl   16:53   0:00 uwsgi --http :8000 --ini uwsgi.ini
root       7513  0.0  0.9 435512 36856 ?        Sl   16:53   0:00 uwsgi --http :8000 --ini uwsgi.ini
root       7515  0.0  0.9 435512 36216 ?        S    16:53   0:00 uwsgi --http :8000 --ini uwsgi.ini
root       7522  0.0  0.0 112812   972 pts/0    S+   16:54   0:00 grep --color=auto uwsgi
```

- 测试连接是否成功：虚拟机

```sh
(icwp) [root@localhost Django_ICWP_v3]# curl 192.168.93.128:8000
{"states": 0, "message": "INFO", "warning": "", "data": "请先完成用户登录，再访问其他页面"}
```

- 测试连接是否成功：本机

```
浏览器输入：192.168.93.128:8000

有响应：{"states": 0, "message": "INFO", "warning": "", "data": "请先完成用户登录，再访问其他页面"}

# 响应是项目给出的，不同的项目响应不同
```



**关闭uwsgi**

看下一节





### 配置方式2：配置uwsgi.xml启动项目

```xml
用到再说，暂时不用
```



### 关闭uwsgi

**查看uwsgi状态**

```sh
(icwp) [root@localhost Django_ICWP_v3]# ps aux |grep uwsgi
```

**关闭uwsgi：根据pid关闭**

- 命令1：关闭
- 命令2：查看状态，没了
- 命令3：访问项目，失败

```sh
(icwp) [root@localhost Django_ICWP_v3]# uwsgi --stop uwsgi.pid
(icwp) [root@localhost Django_ICWP_v3]# ps aux |grep uwsgi
root       7677  0.0  0.0 112812   972 pts/0    S+   16:59   0:00 grep --color=auto uwsgi
(icwp) [root@localhost Django_ICWP_v3]# curl 192.168.93.128:9000
curl: (7) Failed connect to 192.168.93.128:9000; Connection refused
```

**关闭uwsgi：强制关闭**

```sh
(icwp) [root@localhost Django_ICWP_v3]# killall -s INT uwsgi
```

- 简单的`kill -9 进程号`，不会停止uwsgi，只会导致重启



### 若无法访问，可能的原因【异常分析】

- `--http`开放的端口被占用、防火墙没法开
- `--socket`通信的端口被占用



# 部署Vue项目

## 安装nginx（源码安装）

### 安装

**安装相关依赖**

```sh
[root@localhost ~]# yum install gcc-c++
[root@localhost ~]# yum -y install gcc zlib zlib-devel pcre-devel openssl openssl-devel
```



**进入自建目录**

```sh
[root@localhost ~]# mkdir /usr/local/nginx/    # 后续nginx安装到这里面
[root@localhost nginx]# cd /usr/local		   # 在这里下载安装包 
```

**下载压缩包**

```sh
[root@localhost nginx]# wget http://nginx.org/download/nginx-1.18.0.tar.gz
```

**解压缩并进入解压缩后的目录**

```sh
[root@localhost nginx]# tar -xvf nginx-1.18.0.tar.gz
[root@localhost nginx]# cd /usr/local/nginx-1.18.0
```

**指定安装路径，编译并安装**

```sh
[root@localhost nginx-1.13.7]# ./configure --prefix=/usr/local/nginx --conf-path=/usr/local/nginx/conf/nginx.conf  --error-log-path=/usr/local/nginx/logs/error.log --pid-path=/usr/local/nginx/logs/nginx.pid  --http-log-path=/usr/local/nginx/logs/access.log --with-http_gzip_static_module --with-http_stub_status_module --with-http_ssl_module

[root@localhost nginx-1.13.7]# make && make install
```

| 命令参数                     | 含义                                                         |
| ---------------------------- | ------------------------------------------------------------ |
| prefix                       | 指向安装目录（编译安装）                                     |
| conf-path                    | 指向配置文件（nginx.conf）                                   |
| error-log-path               | 指向错误日志目录                                             |
| pid-path                     | 指向pid文件（nginx.pid）                                     |
| http-log-path                | 设定access log路径                                           |
| with-http_gzip_static_module | 启用ngx_http_gzip_static_module支持（在线实时压缩输出数据流） |
| with-http_stub_status_module | 启用ngx_http_stub_status_module支持（获取nginx自上次启动以来的工作状态） |
| with-http_ssl_module         | 启用ngx_http_ssl_module支持（使支持https请求，需已安装openssl） |





### 运行测试--默认方式启动

**启动**

```sh
# 还没添加系统变量，只能先这样启动
[root@localhost nginx-1.13.7]# /usr/local/nginx/sbin/nginx
```

**查看状态**

```sh
[root@localhost nginx-1.13.7]# netstat -nlp | grep nginx
tcp        0      0 0.0.0.0:80              0.0.0.0:*               LISTEN      11668/nginx: master
```

**测试连接**

- 虚拟机内部

```sh
[root@localhost nginx-1.13.7]# curl 192.168.93.128:80
<!DOCTYPE html>
<html>
<head>
<title>Welcome to nginx!</title>
<style>
    body {
        width: 35em;
        margin: 0 auto;
        font-family: Tahoma, Verdana, Arial, sans-serif;
    }
</style>
</head>
<body>
<h1>Welcome to nginx!</h1>
<p>If you see this page, the nginx web server is successfully installed and
working. Further configuration is required.</p>

<p>For online documentation and support please refer to
<a href="http://nginx.org/">nginx.org</a>.<br/>
Commercial support is available at
<a href="http://nginx.com/">nginx.com</a>.</p>

<p><em>Thank you for using nginx.</em></p>
</body>
</html>
```

- 本机浏览器

```
浏览器输入内容，成功访问默认内容
```

**关闭nginx**

```sh
# 还没添加系统变量，只能先这样关闭
[root@localhost nginx-1.13.7]# /usr/local/nginx/sbin/nginx -s stop
```



### 运行启动--制作为服务

**新建服务文件**

```sh
[root@localhost ~]# vim /lib/systemd/system/nginx.service
```

**写入如下内容**：

```
[Unit]
Description=The NGINX HTTP and reverse proxy server
After=syslog.target network-online.target remote-fs.target nss-lookup.target
Wants=network-online.target
[Service]
Type=forking
#自己nginx启动的pid文件自己找到文件目录
PIDFile=/usr/local/nginx/logs/nginx.pid
#自己nginx的启动文件 
ExecStartPre=/usr/local/nginx/sbin/nginx -t
ExecStart=/usr/local/nginx/sbin/nginx
ExecReload=/usr/local/nginx/sbin/nginx -s reload
#默认
ExecStop=/bin/kill -s QUIT $MAINPID
PrivateTmp=true
[Install]
WantedBy=multi-user.target
```

**相关命令**

```sh
# 启动
[root@localhost ~]# systemctl start nginx.service
# 设置开机自启动
[root@localhost ~]# systemctl enable nginx.service
# 关闭开机自启动
[root@localhost ~]# systemctl disable nginx.service
# 查看状态
[root@localhost ~]# systemctl status nginx.service
# 重新载入：需要是启动状态
[root@localhost ~]# systemctl reload nginx.service
# 关闭
[root@localhost ~]# systemctl stop nginx.service
```



## 理解nginx配置文件

### 理解nginx.conf内容

文章参考链接：[]()

扩展部分，与本文配置无关，可以不看



### 结合uwsgi编写nginx.conf配置文件

**进入nginx.conf所在目录**

```sh
[root@localhost ~]# cd /usr/local/nginx/conf
```

**备份原配置文件**

```sh
cp nginx.conf nginx.conf.bak
```

**在原配置文件中，新增如下内容**

```sh
[root@localhost nginx-1.13.7]# vim nginx.conf
```

```
server{
	listen 9000;
	server_name 192.168.93.128
	access_log /var/log/nginx/access.log main;
	charset utf-8;
	gzip on;
	gzip_types text/plain application/x-javascript text/css text/javascript application/x-httpd-php application/json text/json text/json image/jpeg image/gif image/png application/octet-stream;
	error_page 500 502 503 504  /50x.html;
	location /{
		include uwsgi_params;
		uwsgi_connect_timeout 30;
		uwsgi_pass 0.0.0.0:9999;
	}
}
```

即：访问虚拟机的9000端口，会将请求转发给uwsgi，由uwsgi提交给后端Django项目

上述配置相关参数介绍：

| 参数                           | 解释                                                         |
| ------------------------------ | ------------------------------------------------------------ |
| listen **9000**                | 表示监听9000端口，转发请求。要与Vue项目中，向后端发送请求的端口号一致 |
| server_name **192.168.93.128** | 服务器（或虚拟机）的ip地址，可以是域名                       |
| uwsgi_pass **0.0.0.0:9999**    | 9999这个端口，与uwsgi.ini配置文件中socket的端口要保持一致<br />0.0.0.0表示任意ip即可，可以写为跟uwsgi中一致的地址：127.0.0.1 |



## 部署Vue

### 编译Vue项目

**1、修改前端向后端发送ajax请求的地址：从向本地发送，改为向服务器发送**

```
baseURL = 192.168.93.128:9000
```

**！！注意**

前端工程中端口设置为9000，即前端向9000端口发送ajax请求，希望获取服务器响应，则9000端口需要与后端匹配。

即，在结合uwsgi配置nginx.conf文件的时候，listen设置为9000。即发到9000端口的请求，由uwsgi发送给后端



**2、编译Vue项目**

```vue
npm run build
```

**3、上传文件到服务器并进行有关处理**

- 自建目录，存放vue的静态资源

```sh
[root@localhost ~]# mkdir /icwp/code/Vue-ICWP
[root@localhost ~]# cd /icwp/code/Vue-ICWP
```

- 将dist文件夹放入上述目录，并将dist改名为html

```sh
[root@localhost ~]# mv dist html
```



### 配置nginx对Vue工程的代理

**进入nginx.conf所在目录**

```sh
[root@localhost ~]# cd /usr/local/nginx/conf
```

**在原配置文件中，新增如下内容**

```sh
[root@localhost nginx-1.13.7]# vim nginx.conf
```

```
server {
    listen 8081;
    server_name  192.168.93.128;
    charset utf-8;
    location / {
        root /icwp/code/Vue-ICWP/html/;
        index index.html;
        try_files $uri $uri/ /index.html;
    }
}
```

即：访问虚拟机的8081端口，会默认访问`/icwp/code/Vue-ICWP/html/index.html`，通过后缀的变化，访问该目录下的其他资源

上述配置内容解释：

| 参数                               | 解释                                                        |
| ---------------------------------- | ----------------------------------------------------------- |
| listen **8081**                    | Vue静态资源的访问端口，自定义，可用就行，记得在防火墙中开放 |
| server_name  **192.168.93.128**    | 服务器（或虚拟机）的ip地址，可以是域名                      |
| root **/icwp/code/Vue-ICWP/html/** | Vue静态资源的存放地址                                       |



# 最后：后端静态资源处理

## 静态文件收集

**编辑Django工程的settings.py文件，对如下变量进行设置**

```sh
STATIC_URL = '/static/'
STATIC_ROOT = os.path.join(BASE_DIR, 'static')
```

**静态文件收集**

- 建立静态文件放置的目录

```sh
[root@localhost ~]# mkdir /icwp/code/Django-ICWP/Django_ICWP_v3/static
```

- 静态文件收集

```sh
[root@localhost ~]# cd /icwp/code/Django-ICWP/Django_ICWP_v3/
[root@localhost Django_ICWP_v3]# python manage.py collectstatic
```



## 修改nginx：增加静态资源映射

**打开nginx配置文件**

```sh
[root@localhost ~]# vim /usr/local/nginx/conf/nginx.conf
```

**新增如下内容**

```
location /static {
    alias /icwp/code/Django-ICWP/Django_ICWP_v3/static;
}
```

**放置的位置：uwsgi有关配置的server里面**

**最终，uwsgi有关的完整配置如下**：

```
server{
    	listen 9000;
    	server_name 192.168.93.128
    	access_log /var/log/nginx/access.log main;
    	charset utf-8;
    	gzip on;
    	gzip_types text/plain application/x-javascript text/css text/javascript application/x-httpd-php application/json text/json text/json image/jpeg image/gif image/png application/octet-stream;
    	error_page 500 502 503 504  /50x.html;
    	location /{
    		include uwsgi_params;
    		uwsgi_connect_timeout 30;
    		uwsgi_pass 0.0.0.0:9999;
    	}
    	location /static/{
    		alias /icwp/code/Django-ICWP/Django_ICWP_v3/static;
    	}
}
```

**重启nginx**

```sh
nginx -s reload
```



## 访问nginx代理Vue工程的地址，成功！

**访问8081端口，默认跳转登录页面**

```
192.168.93.128:8081
```

![image-20240112231246251](./assets/image-20240112231246251.png)

**输入注册好的账号密码，点击登录**

成功登录，说明交互顺利，配置成功！



# 总结梳理

## 几个配置文件的最终内容

### nginx.conf

> 位置：/usr/local/nginx/conf/nginx.conf

```
#user  nobody;
worker_processes  1;

#error_log  logs/error.log;
#error_log  logs/error.log  notice;
#error_log  logs/error.log  info;

#pid        logs/nginx.pid;


events {
    worker_connections  1024;
}


http {
    include       mime.types;
    default_type  application/octet-stream;

    #log_format  main  '$remote_addr - $remote_user [$time_local] "$request" '
    #                  '$status $body_bytes_sent "$http_referer" '
    #                  '"$http_user_agent" "$http_x_forwarded_for"';

    #access_log  logs/access.log  main;

    sendfile        on;
    #tcp_nopush     on;

    #keepalive_timeout  0;
    keepalive_timeout  65;

    #gzip  on;

    server {
        listen       80;
        server_name  localhost;

        #charset koi8-r;

        #access_log  logs/host.access.log  main;

        location / {
            root   html;
            index  index.html index.htm;
        }

        #error_page  404              /404.html;

        # redirect server error pages to the static page /50x.html
        #
        error_page   500 502 503 504  /50x.html;
        location = /50x.html {
            root   html;
        }

        # proxy the PHP scripts to Apache listening on 127.0.0.1:80
        #
        #location ~ \.php$ {
        #    proxy_pass   http://127.0.0.1;
        #}

        # pass the PHP scripts to FastCGI server listening on 127.0.0.1:9000
        #
        #location ~ \.php$ {
        #    root           html;
        #    fastcgi_pass   127.0.0.1:9000;
        #    fastcgi_index  index.php;
        #    fastcgi_param  SCRIPT_FILENAME  /scripts$fastcgi_script_name;
        #    include        fastcgi_params;
        #}

        # deny access to .htaccess files, if Apache's document root
        # concurs with nginx's one
        #
        #location ~ /\.ht {
        #    deny  all;
        #}
    }


    # another virtual host using mix of IP-, name-, and port-based configuration
    #
    #server {
    #    listen       8000;
    #    listen       somename:8080;
    #    server_name  somename  alias  another.alias;

    #    location / {
    #        root   html;
    #        index  index.html index.htm;
    #    }
    #}


    # HTTPS server
    #
    #server {
    #    listen       443 ssl;
    #    server_name  localhost;

    #    ssl_certificate      cert.pem;
    #    ssl_certificate_key  cert.key;

    #    ssl_session_cache    shared:SSL:1m;
    #    ssl_session_timeout  5m;

    #    ssl_ciphers  HIGH:!aNULL:!MD5;
    #    ssl_prefer_server_ciphers  on;

    #    location / {
    #        root   html;
    #        index  index.html index.htm;
    #    }
    #}
    server {
        listen 8081;
        server_name  192.168.93.128;
        charset utf-8;
        location / {
            root /icwp/code/Vue-ICWP/html/;
            index index.html;
            try_files $uri $uri/ /index.html;
        }
    }
    server{
    	listen 9000;
    	server_name 192.168.93.128
    	access_log /var/log/nginx/access.log main;
    	charset utf-8;
    	gzip on;
    	gzip_types text/plain application/x-javascript text/css text/javascript application/x-httpd-php application/json text/json text/json image/jpeg image/gif image/png application/octet-stream;
    	error_page 500 502 503 504  /50x.html;
    	location /{
    		include uwsgi_params;
    		uwsgi_connect_timeout 30;
    		uwsgi_pass 0.0.0.0:9999;
    	}
    	location /static/{
    		alias /icwp/code/Django-ICWP/Django_ICWP_v3/static;
    	}
    }
}
```



### uwsgi.ini

> 位置：

```ini
[uwsgi]
socket=127.0.0.1:9999
chdir=/icwp/code/Django-ICWP/Django_ICWP_v3/
static-map=/static/=/icwp/code/Django-ICWP/Django_ICWP_v3/static
module=Django_ICWP_v3.wsgi
uid=root
gid=root
master=true
pidfile=uwsgi.pid
processes=8
threads=2
vacuum=true
daemonize=./icwp.log
thunder-lock=true
enable-threads=true
```



### Vue静态资源

> 位置：/icwp/code/Vue-ICWP/html/

![image-20240112204707165](./assets/image-20240112204707165.png)



### Django静态资源

> 位置：/icwp/code/Django-ICWP/Django_ICWP_v3/static

![image-20240112204648245](./assets/image-20240112204648245.png)

## 通信流程梳理

![image-20240112221543851](./assets/image-20240112221543851.png)

本机电脑和虚拟机之间，通过网络桥接，可以实现通信。这里虚拟机的地址为：192.168.93.128

当在本机电脑上，访问192.168.93.128:80端口，确认是访问静态资源，通过nginx的代理，指向nginx的静态欢迎页面

当在本机电脑上，访问192.168.93.128:8081端口，确认是访问静态资源，通过nginx的代理，指向Vue项目的静态页面

在Vue的静态资源里面，发送Ajax请求：

- ajax请求发送到192.168.93.128:9000端口
- 确认是动态资源，nginx转发给uwsgi，并发送给django处理

- 处理的结果再层层返回，相应到客户的浏览器上

当在本机电脑上，访问192.168.93.128:8080端口

- uwsgi在启动django的时候 ，通过`--http :8080`参数，可以指定一个端口，访问django项目
- 当访问到8080端口的时候，也能将请求提交给Django，由Django处理，并将结果返回（不知道图示是否准确？？？？？）
  - 应该是不再经过nginx
